C51 COMPILER V9.02   DS1302                                                                02/28/2018 22:29:36 PAGE 1   


C51 COMPILER V9.02, COMPILATION OF MODULE DS1302
OBJECT MODULE PLACED IN ..\output\ds1302.obj
COMPILER INVOKED BY: F:\KEIL4\C51\BIN\C51.EXE ..\source\ds1302.c COMPACT BROWSE DEBUG OBJECTEXTEND PRINT(..\output\ds130
                    -2.lst) OBJECT(..\output\ds1302.obj)

line level    source

   1          /*
   2          *******************************************************************************
   3          * 文件名：ds1302.c
   4          * 描  述：
   5          * 作  者：CLAY
   6          * 版本号：v1.0.0
   7          * 日  期: 
   8          * 备  注：
   9          *         
  10          *******************************************************************************
  11          */
  12          
  13          #include "config.h"
  14          #include <intrins.h>
  15          
  16          void DS1302ByteWrite(unsigned  char temp) 
  17          {
  18   1              unsigned char i;
  19   1              for (i=0;i<8;i++)       
  20   1              { 
  21   2                      DS1302_CK=0;
  22   2                      DS1302_IO=temp&0x01;
  23   2                      temp>>=1; 
  24   2                      DS1302_CK=1;
  25   2              }
  26   1      }   
  27          
  28          void DS1302SingleWrite( unsigned char address,unsigned char dat )     
  29          {
  30   1              DS1302_CE=0;
  31   1              _nop_();
  32   1              DS1302_CK=0;
  33   1              _nop_();
  34   1              DS1302_CE=1;    
  35   1              _nop_();  
  36   1              DS1302ByteWrite((address<<1)|0x80);     
  37   1              DS1302ByteWrite(dat);           
  38   1              DS1302_CE=0; 
  39   1      }
  40          
  41          unsigned char DS1302SingleRead ( unsigned char address )
  42          {
  43   1              unsigned char i,temp=0x00;
  44   1              DS1302_CE=0;
  45   1              _nop_();
  46   1              DS1302_CK=0;
  47   1              _nop_();
  48   1              DS1302_CE=1;
  49   1              _nop_();
  50   1              DS1302ByteWrite((address<<1)|0x81);
  51   1              for (i=0;i<8;i++)       
  52   1              {               
  53   2                      DS1302_CK=0;
  54   2                      temp>>=1;       
C51 COMPILER V9.02   DS1302                                                                02/28/2018 22:29:36 PAGE 2   

  55   2                      if(DS1302_IO)
  56   2                      temp|=0x80;     
  57   2                      DS1302_CK=1;
  58   2              } 
  59   1              DS1302_CE=0;
  60   1              _nop_();
  61   1              DS1302_CE=0;
  62   1              DS1302_CK=0;
  63   1              _nop_();
  64   1              DS1302_CK=1;
  65   1              _nop_();
  66   1              DS1302_IO=0;
  67   1              _nop_();
  68   1              DS1302_IO=1;
  69   1              _nop_();
  70   1              return (temp);                  
  71   1      }
  72          
  73          void InitDS1302()
  74          {
  75   1              u8 i;
  76   1          u8 InitTime[] = {  //2018年2月28日 星期二 22:28:00
  77   1              0x00,0x28,0x22, 0x28, 0x02, 0x03, 0x18
  78   1          };
  79   1          DS1302SingleWrite(7, 0x00);  //撤销写保护以允许写入数据
  80   1          for (i=0; i<7; i++)          //设置DS1302为默认的初始时间
  81   1          {
  82   2              DS1302SingleWrite(i, InitTime[i]);
  83   2          }
  84   1      }


MODULE INFORMATION:   STATIC OVERLAYABLE
   CODE SIZE        =    152    ----
   CONSTANT SIZE    =      7    ----
   XDATA SIZE       =   ----    ----
   PDATA SIZE       =   ----       7
   DATA SIZE        =   ----    ----
   IDATA SIZE       =   ----    ----
   BIT SIZE         =   ----    ----
END OF MODULE INFORMATION.


C51 COMPILATION COMPLETE.  0 WARNING(S),  0 ERROR(S)
